stm32f303xx_spi_drv.c:45:6:SPI_PCLKControl	16	static
stm32f303xx_spi_drv.c:90:6:SPI_Init	24	static
stm32f303xx_spi_drv.c:128:6:SPI_DeInit	16	static
stm32f303xx_spi_drv.c:152:6:SPI_peri_control	16	static
stm32f303xx_spi_drv.c:173:6:SPI_SSIConfig	16	static
stm32f303xx_spi_drv.c:195:6:SPI_SSOEConfig	16	static
stm32f303xx_spi_drv.c:218:6:SPI_SendData	24	static
stm32f303xx_spi_drv.c:249:6:SPI_ReceiveData	24	static
stm32f303xx_spi_drv.c:281:9:SPI_SendDataIT	32	static
stm32f303xx_spi_drv.c:308:9:SPI_ReceiveDataIT	32	static
stm32f303xx_spi_drv.c:338:6:SPI_IRQConfig	16	static
stm32f303xx_spi_drv.c:376:6:SPI_IRQ_PriorityConfig	24	static
stm32f303xx_spi_drv.c:394:13:SPITxe_IrqHandle	16	static
stm32f303xx_spi_drv.c:418:13:SPIRxne_IrqHandle	16	static
stm32f303xx_spi_drv.c:442:13:SPIOvr_IrqHandle	24	static
stm32f303xx_spi_drv.c:460:6:SPI_IRQHandler	24	static
stm32f303xx_spi_drv.c:496:9:SPIgetFlagStatus	16	static
stm32f303xx_spi_drv.c:505:6:SPI_ClearOVRFlag	24	static
stm32f303xx_spi_drv.c:512:6:SPI_CloseTransmission	16	static
stm32f303xx_spi_drv.c:520:6:SPI_CloseReception	16	static
stm32f303xx_spi_drv.c:538:13:SPI_applicationEventCallback	16	static
